
> estate-agent-spa@0.0.0 test
> jest

node.exe : PASS src/utils/searchProperties.test.js
At line:1 char:1
+ & "C:\Program Files\nodejs/node.exe" "C:\Program Files\nodejs/node_mo ...
+ ~~~~~~~~~~~~~~~~~~~~~~~~~~~~~~~~~~~~~~~~~~~~~~~~~~~~~~~~~~~~~~~~~~~~~
    + CategoryInfo          : NotSpecified: (PASS src/utils/searchProperties.test.js:String) [], RemoteException
    + FullyQualifiedErrorId : NativeCommandError
 
PASS src/context/FavouritesContext.test.js
FAIL src/components/PropertyCard.test.jsx
  ΓùÅ Test suite failed to run

    Jest encountered an unexpected token

    Jest failed to parse a file. This happens e.g. when your code or its dependencies use non-standard JavaScript syntax, or when Jest is not configured to support such syntax.

    Out of the box Jest supports Babel, which will be used to transform your files into valid JS based on your Babel configuration.

    By default "node_modules" folder is ignored by transformers.

    Here's what you can do:
     ΓÇó If you are trying to use ECMAScript Modules, see https://jestjs.io/docs/ecmascript-modules for how to enable it.
     ΓÇó If you are trying to use TypeScript, see https://jestjs.io/docs/getting-started#using-typescript
     ΓÇó To have some of your "node_modules" files transformed, you can specify a custom "transformIgnorePatterns" in your config.
     ΓÇó If you need a custom transformation, specify a "transform" option in your config.
     ΓÇó If you simply want to mock your non-JS modules (e.g. binary assets) you can stub them out with the "moduleNameMapper" config option.

    You'll find more details and examples of these config options in the docs:
    https://jestjs.io/docs/configuration
    For information about custom transformations, see:
    https://jestjs.io/docs/code-transformation

    Details:

    C:\Users\Acer\Desktop\DEV Repo\Git\estate-agent-spa\src\components\PropertyCard.jsx:42
          src: `${import.meta.env.BASE_URL}${property.picture}`,
                         ^^^^

    SyntaxError: Cannot use 'import.meta' outside a module

    [0m [90m 1 |[39m [36mimport[39m { render[33m,[39m screen } [36mfrom[39m [32m'@testing-library/react'[39m[33m;[39m
     [90m 2 |[39m [36mimport[39m { [33mBrowserRouter[39m } [36mfrom[39m [32m'react-router-dom'[39m[33m;[39m
    [31m[1m>[22m[39m[90m 3 |[39m [36mimport[39m [33mPropertyCard[39m [36mfrom[39m [32m'./PropertyCard'[39m[33m;[39m
     [90m   |[39m [31m[1m^[22m[39m
     [90m 4 |[39m [36mimport[39m { [33mFavouritesProvider[39m } [36mfrom[39m [32m'../context/FavouritesContext'[39m[33m;[39m
     [90m 5 |[39m
     [90m 6 |[39m [90m// A fake property to test with ΓÇö doesn't touch the real JSON data.[39m[0m

      at ModuleExecutor.compile (node_modules/jest-runtime/build/index.js:2104:44)
      at Object.<anonymous> (src/components/PropertyCard.test.jsx:3:1)

Test Suites: 1 failed, 2 passed, 3 total
Tests:       9 passed, 9 total
Snapshots:   0 total
Time:        6.686 s
Ran all test suites.
